Archive member included because of file (symbol)

c:/winavr-20100110/bin/../lib/gcc/avr/4.3.3/avr5\libgcc.a(_udivmodqi4.o)
                              ./Source/02-ECUA/SSD/Src/SSD.o (__udivmodqi4)
c:/winavr-20100110/bin/../lib/gcc/avr/4.3.3/avr5\libgcc.a(_udivmodsi4.o)
                              ./Source/01-MCAL/UART/Src/Uart.o (__udivmodsi4)
c:/winavr-20100110/bin/../lib/gcc/avr/4.3.3/avr5\libgcc.a(_exit.o)
                              c:/winavr-20100110/bin/../lib/gcc/avr/4.3.3/../../../../avr/lib/avr5/crtm32.o (exit)
c:/winavr-20100110/bin/../lib/gcc/avr/4.3.3/avr5\libgcc.a(_copy_data.o)
                              ./Source/02-ECUA/SSD/Src/SSD.o (__do_copy_data)
c:/winavr-20100110/bin/../lib/gcc/avr/4.3.3/avr5\libgcc.a(_fixunssfsi.o)
                              ./Source/04-APP/main.o (__fixunssfsi)
c:/winavr-20100110/bin/../lib/gcc/avr/4.3.3/avr5\libgcc.a(_addsub_sf.o)
                              c:/winavr-20100110/bin/../lib/gcc/avr/4.3.3/avr5\libgcc.a(_fixunssfsi.o) (__subsf3)
c:/winavr-20100110/bin/../lib/gcc/avr/4.3.3/avr5\libgcc.a(_mul_sf.o)
                              ./Source/04-APP/main.o (__mulsf3)
c:/winavr-20100110/bin/../lib/gcc/avr/4.3.3/avr5\libgcc.a(_div_sf.o)
                              ./Source/02-ECUA/SSD/Src/SSD.o (__divsf3)
c:/winavr-20100110/bin/../lib/gcc/avr/4.3.3/avr5\libgcc.a(_gt_sf.o)
                              ./Source/04-APP/main.o (__gtsf2)
c:/winavr-20100110/bin/../lib/gcc/avr/4.3.3/avr5\libgcc.a(_ge_sf.o)
                              c:/winavr-20100110/bin/../lib/gcc/avr/4.3.3/avr5\libgcc.a(_fixunssfsi.o) (__gesf2)
c:/winavr-20100110/bin/../lib/gcc/avr/4.3.3/avr5\libgcc.a(_lt_sf.o)
                              ./Source/04-APP/main.o (__ltsf2)
c:/winavr-20100110/bin/../lib/gcc/avr/4.3.3/avr5\libgcc.a(_sf_to_si.o)
                              c:/winavr-20100110/bin/../lib/gcc/avr/4.3.3/avr5\libgcc.a(_fixunssfsi.o) (__fixsfsi)
c:/winavr-20100110/bin/../lib/gcc/avr/4.3.3/avr5\libgcc.a(_thenan_sf.o)
                              c:/winavr-20100110/bin/../lib/gcc/avr/4.3.3/avr5\libgcc.a(_addsub_sf.o) (__thenan_sf)
c:/winavr-20100110/bin/../lib/gcc/avr/4.3.3/avr5\libgcc.a(_usi_to_sf.o)
                              ./Source/01-MCAL/ADC/Src/Adc.o (__floatunsisf)
c:/winavr-20100110/bin/../lib/gcc/avr/4.3.3/avr5\libgcc.a(_prologue.o)
                              c:/winavr-20100110/bin/../lib/gcc/avr/4.3.3/avr5\libgcc.a(_addsub_sf.o) (__prologue_saves__)
c:/winavr-20100110/bin/../lib/gcc/avr/4.3.3/avr5\libgcc.a(_epilogue.o)
                              c:/winavr-20100110/bin/../lib/gcc/avr/4.3.3/avr5\libgcc.a(_addsub_sf.o) (__epilogue_restores__)
c:/winavr-20100110/bin/../lib/gcc/avr/4.3.3/avr5\libgcc.a(_clzsi2.o)
                              c:/winavr-20100110/bin/../lib/gcc/avr/4.3.3/avr5\libgcc.a(_usi_to_sf.o) (__clzsi2)
c:/winavr-20100110/bin/../lib/gcc/avr/4.3.3/avr5\libgcc.a(_pack_sf.o)
                              c:/winavr-20100110/bin/../lib/gcc/avr/4.3.3/avr5\libgcc.a(_addsub_sf.o) (__pack_f)
c:/winavr-20100110/bin/../lib/gcc/avr/4.3.3/avr5\libgcc.a(_unpack_sf.o)
                              c:/winavr-20100110/bin/../lib/gcc/avr/4.3.3/avr5\libgcc.a(_addsub_sf.o) (__unpack_f)
c:/winavr-20100110/bin/../lib/gcc/avr/4.3.3/avr5\libgcc.a(_fpcmp_parts_sf.o)
                              c:/winavr-20100110/bin/../lib/gcc/avr/4.3.3/avr5\libgcc.a(_gt_sf.o) (__fpcmp_parts_f)
c:/winavr-20100110/bin/../lib/gcc/avr/4.3.3/avr5\libgcc.a(_clz.o)
                              c:/winavr-20100110/bin/../lib/gcc/avr/4.3.3/avr5\libgcc.a(_clzsi2.o) (__clz_tab)
c:/winavr-20100110/bin/../lib/gcc/avr/4.3.3/../../../../avr/lib/avr5\libc.a(sprintf.o)
                              ./Source/02-ECUA/LCD/Src/Lcd.o (sprintf)
c:/winavr-20100110/bin/../lib/gcc/avr/4.3.3/../../../../avr/lib/avr5\libc.a(vfprintf_std.o)
                              c:/winavr-20100110/bin/../lib/gcc/avr/4.3.3/../../../../avr/lib/avr5\libc.a(sprintf.o) (vfprintf)
c:/winavr-20100110/bin/../lib/gcc/avr/4.3.3/../../../../avr/lib/avr5\libc.a(strnlen_P.o)
                              c:/winavr-20100110/bin/../lib/gcc/avr/4.3.3/../../../../avr/lib/avr5\libc.a(vfprintf_std.o) (strnlen_P)
c:/winavr-20100110/bin/../lib/gcc/avr/4.3.3/../../../../avr/lib/avr5\libc.a(strnlen.o)
                              c:/winavr-20100110/bin/../lib/gcc/avr/4.3.3/../../../../avr/lib/avr5\libc.a(vfprintf_std.o) (strnlen)
c:/winavr-20100110/bin/../lib/gcc/avr/4.3.3/../../../../avr/lib/avr5\libc.a(fputc.o)
                              c:/winavr-20100110/bin/../lib/gcc/avr/4.3.3/../../../../avr/lib/avr5\libc.a(vfprintf_std.o) (fputc)
c:/winavr-20100110/bin/../lib/gcc/avr/4.3.3/../../../../avr/lib/avr5\libc.a(ultoa_invert.o)
                              c:/winavr-20100110/bin/../lib/gcc/avr/4.3.3/../../../../avr/lib/avr5\libc.a(vfprintf_std.o) (__ultoa_invert)

Memory Configuration

Name             Origin             Length             Attributes
text             0x00000000         0x00020000         xr
data             0x00800060         0x0000ffa0         rw !x
eeprom           0x00810000         0x00010000         rw !x
fuse             0x00820000         0x00000400         rw !x
lock             0x00830000         0x00000400         rw !x
signature        0x00840000         0x00000400         rw !x
*default*        0x00000000         0xffffffff

Linker script and memory map

LOAD c:/winavr-20100110/bin/../lib/gcc/avr/4.3.3/../../../../avr/lib/avr5/crtm32.o
LOAD ./Source/04-APP/main.o
LOAD ./Source/02-ECUA/SSD/Src/SSD.o
LOAD ./Source/02-ECUA/Led/Src/Led.o
LOAD ./Source/02-ECUA/LM35/Src/Lm35.o
LOAD ./Source/02-ECUA/LCD/Src/Lcd.o
LOAD ./Source/02-ECUA/Keypad/Src/Keypad.o
LOAD ./Source/02-ECUA/Dc_Motor/Src/Dc_Motor.o
LOAD ./Source/02-ECUA/Buzzer/Src/Buzzer.o
LOAD ./Source/02-ECUA/Button/Src/Button.o
LOAD ./Source/01-MCAL/UART/Src/Uart.o
LOAD ./Source/01-MCAL/Timer0/Src/Timer0.o
LOAD ./Source/01-MCAL/SPI/Src/Spi.o
LOAD ./Source/01-MCAL/I2C/Src/I2c.o
LOAD ./Source/01-MCAL/GINT/Src/GINT.o
LOAD ./Source/01-MCAL/EXTINT/Src/ExtInt.o
LOAD ./Source/01-MCAL/Dio/Src/Dio.o
LOAD ./Source/01-MCAL/ADC/Src/Adc.o
LOAD c:/winavr-20100110/bin/../lib/gcc/avr/4.3.3/avr5\libgcc.a
LOAD c:/winavr-20100110/bin/../lib/gcc/avr/4.3.3/../../../../avr/lib/avr5\libc.a
LOAD c:/winavr-20100110/bin/../lib/gcc/avr/4.3.3/avr5\libgcc.a

.hash
 *(.hash)

.dynsym
 *(.dynsym)

.dynstr
 *(.dynstr)

.gnu.version
 *(.gnu.version)

.gnu.version_d
 *(.gnu.version_d)

.gnu.version_r
 *(.gnu.version_r)

.rel.init
 *(.rel.init)

.rela.init
 *(.rela.init)

.rel.text
 *(.rel.text)
 *(.rel.text.*)
 *(.rel.gnu.linkonce.t*)

.rela.text
 *(.rela.text)
 *(.rela.text.*)
 *(.rela.gnu.linkonce.t*)

.rel.fini
 *(.rel.fini)

.rela.fini
 *(.rela.fini)

.rel.rodata
 *(.rel.rodata)
 *(.rel.rodata.*)
 *(.rel.gnu.linkonce.r*)

.rela.rodata
 *(.rela.rodata)
 *(.rela.rodata.*)
 *(.rela.gnu.linkonce.r*)

.rel.data
 *(.rel.data)
 *(.rel.data.*)
 *(.rel.gnu.linkonce.d*)

.rela.data
 *(.rela.data)
 *(.rela.data.*)
 *(.rela.gnu.linkonce.d*)

.rel.ctors
 *(.rel.ctors)

.rela.ctors
 *(.rela.ctors)

.rel.dtors
 *(.rel.dtors)

.rela.dtors
 *(.rela.dtors)

.rel.got
 *(.rel.got)

.rela.got
 *(.rela.got)

.rel.bss
 *(.rel.bss)

.rela.bss
 *(.rela.bss)

.rel.plt
 *(.rel.plt)

.rela.plt
 *(.rela.plt)

.text           0x00000000     0x38fe
 *(.vectors)
 .vectors       0x00000000       0x54 c:/winavr-20100110/bin/../lib/gcc/avr/4.3.3/../../../../avr/lib/avr5/crtm32.o
                0x00000000                __vectors
                0x00000000                __vector_default
 *(.vectors)
 *(.progmem.gcc*)
 *(.progmem*)
                0x00000054                . = ALIGN (0x2)
                0x00000054                __trampolines_start = .
 *(.trampolines)
 .trampolines   0x00000054        0x0 linker stubs
 *(.trampolines*)
                0x00000054                __trampolines_end = .
 *(.jumptables)
 *(.jumptables*)
 *(.lowtext)
 *(.lowtext*)
                0x00000054                __ctors_start = .
 *(.ctors)
                0x00000054                __ctors_end = .
                0x00000054                __dtors_start = .
 *(.dtors)
                0x00000054                __dtors_end = .
 SORT(*)(.ctors)
 SORT(*)(.dtors)
 *(.init0)
 .init0         0x00000054        0x0 c:/winavr-20100110/bin/../lib/gcc/avr/4.3.3/../../../../avr/lib/avr5/crtm32.o
                0x00000054                __init
 *(.init0)
 *(.init1)
 *(.init1)
 *(.init2)
 .init2         0x00000054        0xc c:/winavr-20100110/bin/../lib/gcc/avr/4.3.3/../../../../avr/lib/avr5/crtm32.o
 *(.init2)
 *(.init3)
 *(.init3)
 *(.init4)
 .init4         0x00000060       0x16 c:/winavr-20100110/bin/../lib/gcc/avr/4.3.3/avr5\libgcc.a(_copy_data.o)
                0x00000060                __do_copy_data
 *(.init4)
 *(.init5)
 *(.init5)
 *(.init6)
 *(.init6)
 *(.init7)
 *(.init7)
 *(.init8)
 *(.init8)
 *(.init9)
 .init9         0x00000076        0x8 c:/winavr-20100110/bin/../lib/gcc/avr/4.3.3/../../../../avr/lib/avr5/crtm32.o
 *(.init9)
 *(.text)
 .text          0x0000007e        0x4 c:/winavr-20100110/bin/../lib/gcc/avr/4.3.3/../../../../avr/lib/avr5/crtm32.o
                0x0000007e                __vector_1
                0x0000007e                __vector_12
                0x0000007e                __bad_interrupt
                0x0000007e                __vector_6
                0x0000007e                __vector_3
                0x0000007e                __vector_11
                0x0000007e                __vector_13
                0x0000007e                __vector_17
                0x0000007e                __vector_19
                0x0000007e                __vector_7
                0x0000007e                __vector_5
                0x0000007e                __vector_4
                0x0000007e                __vector_9
                0x0000007e                __vector_2
                0x0000007e                __vector_15
                0x0000007e                __vector_8
                0x0000007e                __vector_14
                0x0000007e                __vector_10
                0x0000007e                __vector_16
                0x0000007e                __vector_18
                0x0000007e                __vector_20
 .text          0x00000082        0x0 ./Source/04-APP/main.o
 .text          0x00000082        0x0 ./Source/02-ECUA/SSD/Src/SSD.o
 .text          0x00000082        0x0 ./Source/02-ECUA/Led/Src/Led.o
 .text          0x00000082        0x0 ./Source/02-ECUA/LM35/Src/Lm35.o
 .text          0x00000082        0x0 ./Source/02-ECUA/LCD/Src/Lcd.o
 .text          0x00000082        0x0 ./Source/02-ECUA/Keypad/Src/Keypad.o
 .text          0x00000082        0x0 ./Source/02-ECUA/Dc_Motor/Src/Dc_Motor.o
 .text          0x00000082        0x0 ./Source/02-ECUA/Buzzer/Src/Buzzer.o
 .text          0x00000082        0x0 ./Source/02-ECUA/Button/Src/Button.o
 .text          0x00000082        0x0 ./Source/01-MCAL/UART/Src/Uart.o
 .text          0x00000082        0x0 ./Source/01-MCAL/Timer0/Src/Timer0.o
 .text          0x00000082        0x0 ./Source/01-MCAL/SPI/Src/Spi.o
 .text          0x00000082        0x0 ./Source/01-MCAL/I2C/Src/I2c.o
 .text          0x00000082        0x0 ./Source/01-MCAL/GINT/Src/GINT.o
 .text          0x00000082        0x0 ./Source/01-MCAL/EXTINT/Src/ExtInt.o
 .text          0x00000082        0x0 ./Source/01-MCAL/Dio/Src/Dio.o
 .text          0x00000082        0x0 ./Source/01-MCAL/ADC/Src/Adc.o
 .text          0x00000082        0x0 c:/winavr-20100110/bin/../lib/gcc/avr/4.3.3/avr5\libgcc.a(_udivmodqi4.o)
 .text          0x00000082        0x0 c:/winavr-20100110/bin/../lib/gcc/avr/4.3.3/avr5\libgcc.a(_udivmodsi4.o)
 .text          0x00000082        0x0 c:/winavr-20100110/bin/../lib/gcc/avr/4.3.3/avr5\libgcc.a(_exit.o)
 .text          0x00000082        0x0 c:/winavr-20100110/bin/../lib/gcc/avr/4.3.3/avr5\libgcc.a(_copy_data.o)
 .text          0x00000082       0x58 c:/winavr-20100110/bin/../lib/gcc/avr/4.3.3/avr5\libgcc.a(_fixunssfsi.o)
                0x00000082                __fixunssfsi
 .text          0x000000da      0x354 c:/winavr-20100110/bin/../lib/gcc/avr/4.3.3/avr5\libgcc.a(_addsub_sf.o)
                0x00000372                __subsf3
                0x000003d4                __addsf3
 .text          0x0000042e      0x1f4 c:/winavr-20100110/bin/../lib/gcc/avr/4.3.3/avr5\libgcc.a(_mul_sf.o)
                0x0000042e                __mulsf3
 .text          0x00000622      0x158 c:/winavr-20100110/bin/../lib/gcc/avr/4.3.3/avr5\libgcc.a(_div_sf.o)
                0x00000622                __divsf3
 .text          0x0000077a       0x60 c:/winavr-20100110/bin/../lib/gcc/avr/4.3.3/avr5\libgcc.a(_gt_sf.o)
                0x0000077a                __gtsf2
 .text          0x000007da       0x60 c:/winavr-20100110/bin/../lib/gcc/avr/4.3.3/avr5\libgcc.a(_ge_sf.o)
                0x000007da                __gesf2
 .text          0x0000083a       0x60 c:/winavr-20100110/bin/../lib/gcc/avr/4.3.3/avr5\libgcc.a(_lt_sf.o)
                0x0000083a                __ltsf2
 .text          0x0000089a       0xa8 c:/winavr-20100110/bin/../lib/gcc/avr/4.3.3/avr5\libgcc.a(_sf_to_si.o)
                0x0000089a                __fixsfsi
 .text          0x00000942        0x0 c:/winavr-20100110/bin/../lib/gcc/avr/4.3.3/avr5\libgcc.a(_thenan_sf.o)
 .text          0x00000942       0xf2 c:/winavr-20100110/bin/../lib/gcc/avr/4.3.3/avr5\libgcc.a(_usi_to_sf.o)
                0x00000942                __floatunsisf
 .text          0x00000a34        0x0 c:/winavr-20100110/bin/../lib/gcc/avr/4.3.3/avr5\libgcc.a(_prologue.o)
 .text          0x00000a34        0x0 c:/winavr-20100110/bin/../lib/gcc/avr/4.3.3/avr5\libgcc.a(_epilogue.o)
 .text          0x00000a34       0x9e c:/winavr-20100110/bin/../lib/gcc/avr/4.3.3/avr5\libgcc.a(_clzsi2.o)
                0x00000a34                __clzsi2
 .text          0x00000ad2      0x1aa c:/winavr-20100110/bin/../lib/gcc/avr/4.3.3/avr5\libgcc.a(_pack_sf.o)
                0x00000ad2                __pack_f
 .text          0x00000c7c       0xf0 c:/winavr-20100110/bin/../lib/gcc/avr/4.3.3/avr5\libgcc.a(_unpack_sf.o)
                0x00000c7c                __unpack_f
 .text          0x00000d6c       0xb2 c:/winavr-20100110/bin/../lib/gcc/avr/4.3.3/avr5\libgcc.a(_fpcmp_parts_sf.o)
                0x00000d6c                __fpcmp_parts_f
 .text          0x00000e1e        0x0 c:/winavr-20100110/bin/../lib/gcc/avr/4.3.3/avr5\libgcc.a(_clz.o)
 .text          0x00000e1e        0x0 c:/winavr-20100110/bin/../lib/gcc/avr/4.3.3/../../../../avr/lib/avr5\libc.a(sprintf.o)
 .text          0x00000e1e        0x0 c:/winavr-20100110/bin/../lib/gcc/avr/4.3.3/../../../../avr/lib/avr5\libc.a(vfprintf_std.o)
 .text          0x00000e1e        0x0 c:/winavr-20100110/bin/../lib/gcc/avr/4.3.3/../../../../avr/lib/avr5\libc.a(strnlen_P.o)
 .text          0x00000e1e        0x0 c:/winavr-20100110/bin/../lib/gcc/avr/4.3.3/../../../../avr/lib/avr5\libc.a(strnlen.o)
 .text          0x00000e1e        0x0 c:/winavr-20100110/bin/../lib/gcc/avr/4.3.3/../../../../avr/lib/avr5\libc.a(fputc.o)
 .text          0x00000e1e        0x0 c:/winavr-20100110/bin/../lib/gcc/avr/4.3.3/../../../../avr/lib/avr5\libc.a(ultoa_invert.o)
                0x00000e1e                . = ALIGN (0x2)
 *(.text.*)
 .text.main     0x00000e1e      0x100 ./Source/04-APP/main.o
                0x00000e1e                main
 .text.SSD_vidinit
                0x00000f1e       0x4a ./Source/02-ECUA/SSD/Src/SSD.o
                0x00000f1e                SSD_vidinit
 .text.SSD_viddisplyNum
                0x00000f68      0x37e ./Source/02-ECUA/SSD/Src/SSD.o
                0x00000f68                SSD_viddisplyNum
 .text.SSD_viddelayWithDisplay_ms
                0x000012e6       0x78 ./Source/02-ECUA/SSD/Src/SSD.o
                0x000012e6                SSD_viddelayWithDisplay_ms
 .text.Led_vidinit
                0x0000135e       0x2c ./Source/02-ECUA/Led/Src/Led.o
                0x0000135e                Led_vidinit
 .text.Led_vidledOn
                0x0000138a       0x62 ./Source/02-ECUA/Led/Src/Led.o
                0x0000138a                Led_vidledOn
 .text.Led_vidledOff
                0x000013ec       0x62 ./Source/02-ECUA/Led/Src/Led.o
                0x000013ec                Led_vidledOff
 .text.Led_vidledToggle
                0x0000144e       0x5c ./Source/02-ECUA/Led/Src/Led.o
                0x0000144e                Led_vidledToggle
 .text.Lm35_vidInit
                0x000014aa       0x12 ./Source/02-ECUA/LM35/Src/Lm35.o
                0x000014aa                Lm35_vidInit
 .text.Lm35_u8TempRead
                0x000014bc       0x72 ./Source/02-ECUA/LM35/Src/Lm35.o
                0x000014bc                Lm35_u8TempRead
 .text.Lcd_vidinit
                0x0000152e      0x3d8 ./Source/02-ECUA/LCD/Src/Lcd.o
                0x0000152e                Lcd_vidinit
 .text.Lcd_videnablePulse
                0x00001906      0x29a ./Source/02-ECUA/LCD/Src/Lcd.o
 .text.Lcd_vidDisplayChar
                0x00001ba0       0x4e ./Source/02-ECUA/LCD/Src/Lcd.o
                0x00001ba0                Lcd_vidDisplayChar
 .text.Lcd_vidCmd
                0x00001bee       0x4e ./Source/02-ECUA/LCD/Src/Lcd.o
                0x00001bee                Lcd_vidCmd
 .text.Lcd_vidRowColumn
                0x00001c3c       0x4e ./Source/02-ECUA/LCD/Src/Lcd.o
                0x00001c3c                Lcd_vidRowColumn
 .text.Lcd_vidDisplyStr
                0x00001c8a       0x38 ./Source/02-ECUA/LCD/Src/Lcd.o
                0x00001c8a                Lcd_vidDisplyStr
 .text.Lcd_vidDisplyInt
                0x00001cc2       0x80 ./Source/02-ECUA/LCD/Src/Lcd.o
                0x00001cc2                Lcd_vidDisplyInt
 .text.Lcd_vidDisplyFlot
                0x00001d42       0x80 ./Source/02-ECUA/LCD/Src/Lcd.o
                0x00001d42                Lcd_vidDisplyFlot
 .text.Keypad_vidInit
                0x00001dc2       0xa6 ./Source/02-ECUA/Keypad/Src/Keypad.o
                0x00001dc2                Keypad_vidInit
 .text.Keypad_IsPressed
                0x00001e68       0x4c ./Source/02-ECUA/Keypad/Src/Keypad.o
 .text.Keypad_GetRow
                0x00001eb4       0x62 ./Source/02-ECUA/Keypad/Src/Keypad.o
 .text.Keypad_GetCol
                0x00001f16      0x106 ./Source/02-ECUA/Keypad/Src/Keypad.o
 .text.Keypad_u8GetKey
                0x0000201c       0x72 ./Source/02-ECUA/Keypad/Src/Keypad.o
                0x0000201c                Keypad_u8GetKey
 .text.Dc_Motor_vidInit
                0x0000208e        0xe ./Source/02-ECUA/Dc_Motor/Src/Dc_Motor.o
                0x0000208e                Dc_Motor_vidInit
 .text.Dc_Motor_vidStart
                0x0000209c       0x14 ./Source/02-ECUA/Dc_Motor/Src/Dc_Motor.o
                0x0000209c                Dc_Motor_vidStart
 .text.Dc_Motor_vidStop
                0x000020b0      0x10a ./Source/02-ECUA/Dc_Motor/Src/Dc_Motor.o
                0x000020b0                Dc_Motor_vidStop
 .text.Buzzer_vidinit
                0x000021ba       0x18 ./Source/02-ECUA/Buzzer/Src/Buzzer.o
                0x000021ba                Buzzer_vidinit
 .text.Buzzer_vidbuzzerOn
                0x000021d2       0x18 ./Source/02-ECUA/Buzzer/Src/Buzzer.o
                0x000021d2                Buzzer_vidbuzzerOn
 .text.Buzzer_vidbuzzerOff
                0x000021ea       0x18 ./Source/02-ECUA/Buzzer/Src/Buzzer.o
                0x000021ea                Buzzer_vidbuzzerOff
 .text.Button_vidbuttonInit
                0x00002202       0x2c ./Source/02-ECUA/Button/Src/Button.o
                0x00002202                Button_vidbuttonInit
 .text.Button_udtbuttonStatus
                0x0000222e       0x86 ./Source/02-ECUA/Button/Src/Button.o
                0x0000222e                Button_udtbuttonStatus
 .text.USART_Init
                0x000022b4       0xaa ./Source/01-MCAL/UART/Src/Uart.o
                0x000022b4                USART_Init
 .text.USART_TransmitChar
                0x0000235e       0x34 ./Source/01-MCAL/UART/Src/Uart.o
                0x0000235e                USART_TransmitChar
 .text.USART_Receive_Blocking
                0x00002392       0x1e ./Source/01-MCAL/UART/Src/Uart.o
                0x00002392                USART_Receive_Blocking
 .text.USART_Receive_NonBlocking
                0x000023b0       0x30 ./Source/01-MCAL/UART/Src/Uart.o
                0x000023b0                USART_Receive_NonBlocking
 .text.USART_TransmitStr
                0x000023e0       0x38 ./Source/01-MCAL/UART/Src/Uart.o
                0x000023e0                USART_TransmitStr
 .text.USART_Receive_InterruptEnable
                0x00002418       0x1c ./Source/01-MCAL/UART/Src/Uart.o
                0x00002418                USART_Receive_InterruptEnable
 .text.Timer0_vidInit
                0x00002434        0xe ./Source/01-MCAL/Timer0/Src/Timer0.o
                0x00002434                Timer0_vidInit
 .text.Timer0_vidSetPreload
                0x00002442       0x14 ./Source/01-MCAL/Timer0/Src/Timer0.o
                0x00002442                Timer0_vidSetPreload
 .text.Timer0_vidTimerStart
                0x00002456       0x14 ./Source/01-MCAL/Timer0/Src/Timer0.o
                0x00002456                Timer0_vidTimerStart
 .text.Timer0_vidTimerStop
                0x0000246a        0xe ./Source/01-MCAL/Timer0/Src/Timer0.o
                0x0000246a                Timer0_vidTimerStop
 .text.Timer0_vidEnableOVInterrupt
                0x00002478        0xe ./Source/01-MCAL/Timer0/Src/Timer0.o
                0x00002478                Timer0_vidEnableOVInterrupt
 .text.Timer0_vidDisableOVInterrupt
                0x00002486        0xe ./Source/01-MCAL/Timer0/Src/Timer0.o
                0x00002486                Timer0_vidDisableOVInterrupt
 .text.Spi_vidMasterInit
                0x00002494       0x6a ./Source/01-MCAL/SPI/Src/Spi.o
                0x00002494                Spi_vidMasterInit
 .text.Spi_vidSlaveInit
                0x000024fe       0x52 ./Source/01-MCAL/SPI/Src/Spi.o
                0x000024fe                Spi_vidSlaveInit
 .text.Spi_MasterWrite
                0x00002550       0x30 ./Source/01-MCAL/SPI/Src/Spi.o
                0x00002550                Spi_MasterWrite
 .text.Spi_u8MasterRead
                0x00002580       0x2e ./Source/01-MCAL/SPI/Src/Spi.o
                0x00002580                Spi_u8MasterRead
 .text.Spi_u8MasterTranseve
                0x000025ae       0x2c ./Source/01-MCAL/SPI/Src/Spi.o
                0x000025ae                Spi_u8MasterTranseve
 .text.Spi_u8SlaveRead
                0x000025da       0x1e ./Source/01-MCAL/SPI/Src/Spi.o
                0x000025da                Spi_u8SlaveRead
 .text.Spi_vidSlaveWrite
                0x000025f8       0x1c ./Source/01-MCAL/SPI/Src/Spi.o
                0x000025f8                Spi_vidSlaveWrite
 .text.I2C_MasterInit
                0x00002614       0x24 ./Source/01-MCAL/I2C/Src/I2c.o
                0x00002614                I2C_MasterInit
 .text.I2C_SlaveInit
                0x00002638       0x4a ./Source/01-MCAL/I2C/Src/I2c.o
                0x00002638                I2C_SlaveInit
 .text.I2C_StartCondition
                0x00002682       0x36 ./Source/01-MCAL/I2C/Src/I2c.o
                0x00002682                I2C_StartCondition
 .text.I2C_RepeatedStartCondition
                0x000026b8       0x3c ./Source/01-MCAL/I2C/Src/I2c.o
                0x000026b8                I2C_RepeatedStartCondition
 .text.I2C_StopCondition
                0x000026f4       0x26 ./Source/01-MCAL/I2C/Src/I2c.o
                0x000026f4                I2C_StopCondition
 .text.I2C_WriteByte
                0x0000271a       0x34 ./Source/01-MCAL/I2C/Src/I2c.o
                0x0000271a                I2C_WriteByte
 .text.I2C_Send_SlaveAddressWriteOperation
                0x0000274e       0x3a ./Source/01-MCAL/I2C/Src/I2c.o
                0x0000274e                I2C_Send_SlaveAddressWriteOperation
 .text.I2C_Send_SlaveAddressReadOperation
                0x00002788       0x42 ./Source/01-MCAL/I2C/Src/I2c.o
                0x00002788                I2C_Send_SlaveAddressReadOperation
 .text.I2C_ReadByte
                0x000027ca       0x2c ./Source/01-MCAL/I2C/Src/I2c.o
                0x000027ca                I2C_ReadByte
 .text.I2C_ReadStatus
                0x000027f6       0x1e ./Source/01-MCAL/I2C/Src/I2c.o
                0x000027f6                I2C_ReadStatus
 .text.GINT_vidEnableAllInterrupts
                0x00002814       0x1c ./Source/01-MCAL/GINT/Src/GINT.o
                0x00002814                GINT_vidEnableAllInterrupts
 .text.GINT_vidDisableAllInterrupts
                0x00002830       0x1c ./Source/01-MCAL/GINT/Src/GINT.o
                0x00002830                GINT_vidDisableAllInterrupts
 .text.ExtInt_vidConfigExtInt
                0x0000284c      0x1be ./Source/01-MCAL/EXTINT/Src/ExtInt.o
                0x0000284c                ExtInt_vidConfigExtInt
 .text.ExtInt_vidDisableExtInt
                0x00002a0a       0x6e ./Source/01-MCAL/EXTINT/Src/ExtInt.o
                0x00002a0a                ExtInt_vidDisableExtInt
 .text.Dio_vidconfigChanel
                0x00002a78      0x1c6 ./Source/01-MCAL/Dio/Src/Dio.o
                0x00002a78                Dio_vidconfigChanel
 .text.Dio_vidwriteChanel
                0x00002c3e      0x1c6 ./Source/01-MCAL/Dio/Src/Dio.o
                0x00002c3e                Dio_vidwriteChanel
 .text.Dio_vidWriteChanelGroup
                0x00002e04       0xb8 ./Source/01-MCAL/Dio/Src/Dio.o
                0x00002e04                Dio_vidWriteChanelGroup
 .text.Dio_udtreadChanel
                0x00002ebc      0x126 ./Source/01-MCAL/Dio/Src/Dio.o
                0x00002ebc                Dio_udtreadChanel
 .text.Dio_vidflipChanel
                0x00002fe2       0xfa ./Source/01-MCAL/Dio/Src/Dio.o
                0x00002fe2                Dio_vidflipChanel
 .text.Dio_vidPullUpEn
                0x000030dc       0xfa ./Source/01-MCAL/Dio/Src/Dio.o
                0x000030dc                Dio_vidPullUpEn
 .text.Adc_vidInit
                0x000031d6       0x38 ./Source/01-MCAL/ADC/Src/Adc.o
                0x000031d6                Adc_vidInit
 .text.Adc_u16AdcRead
                0x0000320e       0xe0 ./Source/01-MCAL/ADC/Src/Adc.o
                0x0000320e                Adc_u16AdcRead
 .text.libgcc   0x000032ee       0x18 c:/winavr-20100110/bin/../lib/gcc/avr/4.3.3/avr5\libgcc.a(_udivmodqi4.o)
                0x000032ee                __udivmodqi4
 .text.libgcc   0x00003306       0x44 c:/winavr-20100110/bin/../lib/gcc/avr/4.3.3/avr5\libgcc.a(_udivmodsi4.o)
                0x00003306                __udivmodsi4
 .text.libgcc   0x0000334a        0x0 c:/winavr-20100110/bin/../lib/gcc/avr/4.3.3/avr5\libgcc.a(_exit.o)
 .text.libgcc   0x0000334a        0x0 c:/winavr-20100110/bin/../lib/gcc/avr/4.3.3/avr5\libgcc.a(_copy_data.o)
 .text.libgcc   0x0000334a       0x38 c:/winavr-20100110/bin/../lib/gcc/avr/4.3.3/avr5\libgcc.a(_prologue.o)
                0x0000334a                __prologue_saves__
 .text.libgcc   0x00003382       0x36 c:/winavr-20100110/bin/../lib/gcc/avr/4.3.3/avr5\libgcc.a(_epilogue.o)
                0x00003382                __epilogue_restores__
 .text.avr-libc
                0x000033b8       0x48 c:/winavr-20100110/bin/../lib/gcc/avr/4.3.3/../../../../avr/lib/avr5\libc.a(sprintf.o)
                0x000033b8                sprintf
 .text.avr-libc
                0x00003400      0x3ba c:/winavr-20100110/bin/../lib/gcc/avr/4.3.3/../../../../avr/lib/avr5\libc.a(vfprintf_std.o)
                0x00003400                vfprintf
 .text.avr-libc
                0x000037ba       0x16 c:/winavr-20100110/bin/../lib/gcc/avr/4.3.3/../../../../avr/lib/avr5\libc.a(strnlen_P.o)
                0x000037ba                strnlen_P
 .text.avr-libc
                0x000037d0       0x16 c:/winavr-20100110/bin/../lib/gcc/avr/4.3.3/../../../../avr/lib/avr5\libc.a(strnlen.o)
                0x000037d0                strnlen
 .text.avr-libc
                0x000037e6       0x58 c:/winavr-20100110/bin/../lib/gcc/avr/4.3.3/../../../../avr/lib/avr5\libc.a(fputc.o)
                0x000037e6                fputc
 .text.avr-libc
                0x0000383e       0xbc c:/winavr-20100110/bin/../lib/gcc/avr/4.3.3/../../../../avr/lib/avr5\libc.a(ultoa_invert.o)
                0x0000383e                __ultoa_invert
                0x000038fa                . = ALIGN (0x2)
 *(.fini9)
 .fini9         0x000038fa        0x0 c:/winavr-20100110/bin/../lib/gcc/avr/4.3.3/avr5\libgcc.a(_exit.o)
                0x000038fa                exit
                0x000038fa                _exit
 *(.fini9)
 *(.fini8)
 *(.fini8)
 *(.fini7)
 *(.fini7)
 *(.fini6)
 *(.fini6)
 *(.fini5)
 *(.fini5)
 *(.fini4)
 *(.fini4)
 *(.fini3)
 *(.fini3)
 *(.fini2)
 *(.fini2)
 *(.fini1)
 *(.fini1)
 *(.fini0)
 .fini0         0x000038fa        0x4 c:/winavr-20100110/bin/../lib/gcc/avr/4.3.3/avr5\libgcc.a(_exit.o)
 *(.fini0)
                0x000038fe                _etext = .

.data           0x00800060      0x120 load address 0x000038fe
                0x00800060                PROVIDE (__data_start, .)
 *(.data)
 .data          0x00800060        0x0 c:/winavr-20100110/bin/../lib/gcc/avr/4.3.3/../../../../avr/lib/avr5/crtm32.o
 .data          0x00800060        0x0 ./Source/04-APP/main.o
 .data          0x00800060        0x0 ./Source/02-ECUA/SSD/Src/SSD.o
 .data          0x00800060        0x0 ./Source/02-ECUA/Led/Src/Led.o
 .data          0x00800060        0x0 ./Source/02-ECUA/LM35/Src/Lm35.o
 .data          0x00800060        0x6 ./Source/02-ECUA/LCD/Src/Lcd.o
 .data          0x00800066        0x0 ./Source/02-ECUA/Keypad/Src/Keypad.o
 .data          0x00800066        0x0 ./Source/02-ECUA/Dc_Motor/Src/Dc_Motor.o
 .data          0x00800066        0x0 ./Source/02-ECUA/Buzzer/Src/Buzzer.o
 .data          0x00800066        0x0 ./Source/02-ECUA/Button/Src/Button.o
 .data          0x00800066        0x0 ./Source/01-MCAL/UART/Src/Uart.o
 .data          0x00800066        0x0 ./Source/01-MCAL/Timer0/Src/Timer0.o
 .data          0x00800066        0x0 ./Source/01-MCAL/SPI/Src/Spi.o
 .data          0x00800066        0x0 ./Source/01-MCAL/I2C/Src/I2c.o
 .data          0x00800066        0x0 ./Source/01-MCAL/GINT/Src/GINT.o
 .data          0x00800066        0x0 ./Source/01-MCAL/EXTINT/Src/ExtInt.o
 .data          0x00800066        0x0 ./Source/01-MCAL/Dio/Src/Dio.o
 .data          0x00800066        0x0 ./Source/01-MCAL/ADC/Src/Adc.o
 .data          0x00800066        0x0 c:/winavr-20100110/bin/../lib/gcc/avr/4.3.3/avr5\libgcc.a(_udivmodqi4.o)
 .data          0x00800066        0x0 c:/winavr-20100110/bin/../lib/gcc/avr/4.3.3/avr5\libgcc.a(_udivmodsi4.o)
 .data          0x00800066        0x0 c:/winavr-20100110/bin/../lib/gcc/avr/4.3.3/avr5\libgcc.a(_exit.o)
 .data          0x00800066        0x0 c:/winavr-20100110/bin/../lib/gcc/avr/4.3.3/avr5\libgcc.a(_copy_data.o)
 .data          0x00800066        0x0 c:/winavr-20100110/bin/../lib/gcc/avr/4.3.3/avr5\libgcc.a(_fixunssfsi.o)
 .data          0x00800066        0x0 c:/winavr-20100110/bin/../lib/gcc/avr/4.3.3/avr5\libgcc.a(_addsub_sf.o)
 .data          0x00800066        0x0 c:/winavr-20100110/bin/../lib/gcc/avr/4.3.3/avr5\libgcc.a(_mul_sf.o)
 .data          0x00800066        0x0 c:/winavr-20100110/bin/../lib/gcc/avr/4.3.3/avr5\libgcc.a(_div_sf.o)
 .data          0x00800066        0x0 c:/winavr-20100110/bin/../lib/gcc/avr/4.3.3/avr5\libgcc.a(_gt_sf.o)
 .data          0x00800066        0x0 c:/winavr-20100110/bin/../lib/gcc/avr/4.3.3/avr5\libgcc.a(_ge_sf.o)
 .data          0x00800066        0x0 c:/winavr-20100110/bin/../lib/gcc/avr/4.3.3/avr5\libgcc.a(_lt_sf.o)
 .data          0x00800066        0x0 c:/winavr-20100110/bin/../lib/gcc/avr/4.3.3/avr5\libgcc.a(_sf_to_si.o)
 .data          0x00800066        0x8 c:/winavr-20100110/bin/../lib/gcc/avr/4.3.3/avr5\libgcc.a(_thenan_sf.o)
                0x00800066                __thenan_sf
 .data          0x0080006e        0x0 c:/winavr-20100110/bin/../lib/gcc/avr/4.3.3/avr5\libgcc.a(_usi_to_sf.o)
 .data          0x0080006e        0x0 c:/winavr-20100110/bin/../lib/gcc/avr/4.3.3/avr5\libgcc.a(_prologue.o)
 .data          0x0080006e        0x0 c:/winavr-20100110/bin/../lib/gcc/avr/4.3.3/avr5\libgcc.a(_epilogue.o)
 .data          0x0080006e        0x0 c:/winavr-20100110/bin/../lib/gcc/avr/4.3.3/avr5\libgcc.a(_clzsi2.o)
 .data          0x0080006e        0x0 c:/winavr-20100110/bin/../lib/gcc/avr/4.3.3/avr5\libgcc.a(_pack_sf.o)
 .data          0x0080006e        0x0 c:/winavr-20100110/bin/../lib/gcc/avr/4.3.3/avr5\libgcc.a(_unpack_sf.o)
 .data          0x0080006e        0x0 c:/winavr-20100110/bin/../lib/gcc/avr/4.3.3/avr5\libgcc.a(_fpcmp_parts_sf.o)
 .data          0x0080006e      0x100 c:/winavr-20100110/bin/../lib/gcc/avr/4.3.3/avr5\libgcc.a(_clz.o)
                0x0080006e                __clz_tab
 .data          0x0080016e        0x0 c:/winavr-20100110/bin/../lib/gcc/avr/4.3.3/../../../../avr/lib/avr5\libc.a(sprintf.o)
 .data          0x0080016e        0x0 c:/winavr-20100110/bin/../lib/gcc/avr/4.3.3/../../../../avr/lib/avr5\libc.a(vfprintf_std.o)
 .data          0x0080016e        0x0 c:/winavr-20100110/bin/../lib/gcc/avr/4.3.3/../../../../avr/lib/avr5\libc.a(strnlen_P.o)
 .data          0x0080016e        0x0 c:/winavr-20100110/bin/../lib/gcc/avr/4.3.3/../../../../avr/lib/avr5\libc.a(strnlen.o)
 .data          0x0080016e        0x0 c:/winavr-20100110/bin/../lib/gcc/avr/4.3.3/../../../../avr/lib/avr5\libc.a(fputc.o)
 .data          0x0080016e        0x0 c:/winavr-20100110/bin/../lib/gcc/avr/4.3.3/../../../../avr/lib/avr5\libc.a(ultoa_invert.o)
 *(.data*)
 .data.loc_once.1321
                0x0080016e        0x1 ./Source/02-ECUA/SSD/Src/SSD.o
 .data.Keypad_layout
                0x0080016f       0x10 ./Source/02-ECUA/Keypad/Src/Keypad.o
                0x0080016f                Keypad_layout
 *(.rodata)
 *(.rodata*)
 *(.gnu.linkonce.d*)
                0x00800180                . = ALIGN (0x2)
 *fill*         0x0080017f        0x1 00
                0x00800180                _edata = .
                0x00800180                PROVIDE (__data_end, .)

.bss            0x00800180        0x0
                0x00800180                PROVIDE (__bss_start, .)
 *(.bss)
 .bss           0x00800180        0x0 c:/winavr-20100110/bin/../lib/gcc/avr/4.3.3/../../../../avr/lib/avr5/crtm32.o
 .bss           0x00800180        0x0 ./Source/04-APP/main.o
 .bss           0x00800180        0x0 ./Source/02-ECUA/SSD/Src/SSD.o
 .bss           0x00800180        0x0 ./Source/02-ECUA/Led/Src/Led.o
 .bss           0x00800180        0x0 ./Source/02-ECUA/LM35/Src/Lm35.o
 .bss           0x00800180        0x0 ./Source/02-ECUA/LCD/Src/Lcd.o
 .bss           0x00800180        0x0 ./Source/02-ECUA/Keypad/Src/Keypad.o
 .bss           0x00800180        0x0 ./Source/02-ECUA/Dc_Motor/Src/Dc_Motor.o
 .bss           0x00800180        0x0 ./Source/02-ECUA/Buzzer/Src/Buzzer.o
 .bss           0x00800180        0x0 ./Source/02-ECUA/Button/Src/Button.o
 .bss           0x00800180        0x0 ./Source/01-MCAL/UART/Src/Uart.o
 .bss           0x00800180        0x0 ./Source/01-MCAL/Timer0/Src/Timer0.o
 .bss           0x00800180        0x0 ./Source/01-MCAL/SPI/Src/Spi.o
 .bss           0x00800180        0x0 ./Source/01-MCAL/I2C/Src/I2c.o
 .bss           0x00800180        0x0 ./Source/01-MCAL/GINT/Src/GINT.o
 .bss           0x00800180        0x0 ./Source/01-MCAL/EXTINT/Src/ExtInt.o
 .bss           0x00800180        0x0 ./Source/01-MCAL/Dio/Src/Dio.o
 .bss           0x00800180        0x0 ./Source/01-MCAL/ADC/Src/Adc.o
 .bss           0x00800180        0x0 c:/winavr-20100110/bin/../lib/gcc/avr/4.3.3/avr5\libgcc.a(_udivmodqi4.o)
 .bss           0x00800180        0x0 c:/winavr-20100110/bin/../lib/gcc/avr/4.3.3/avr5\libgcc.a(_udivmodsi4.o)
 .bss           0x00800180        0x0 c:/winavr-20100110/bin/../lib/gcc/avr/4.3.3/avr5\libgcc.a(_exit.o)
 .bss           0x00800180        0x0 c:/winavr-20100110/bin/../lib/gcc/avr/4.3.3/avr5\libgcc.a(_copy_data.o)
 .bss           0x00800180        0x0 c:/winavr-20100110/bin/../lib/gcc/avr/4.3.3/avr5\libgcc.a(_fixunssfsi.o)
 .bss           0x00800180        0x0 c:/winavr-20100110/bin/../lib/gcc/avr/4.3.3/avr5\libgcc.a(_addsub_sf.o)
 .bss           0x00800180        0x0 c:/winavr-20100110/bin/../lib/gcc/avr/4.3.3/avr5\libgcc.a(_mul_sf.o)
 .bss           0x00800180        0x0 c:/winavr-20100110/bin/../lib/gcc/avr/4.3.3/avr5\libgcc.a(_div_sf.o)
 .bss           0x00800180        0x0 c:/winavr-20100110/bin/../lib/gcc/avr/4.3.3/avr5\libgcc.a(_gt_sf.o)
 .bss           0x00800180        0x0 c:/winavr-20100110/bin/../lib/gcc/avr/4.3.3/avr5\libgcc.a(_ge_sf.o)
 .bss           0x00800180        0x0 c:/winavr-20100110/bin/../lib/gcc/avr/4.3.3/avr5\libgcc.a(_lt_sf.o)
 .bss           0x00800180        0x0 c:/winavr-20100110/bin/../lib/gcc/avr/4.3.3/avr5\libgcc.a(_sf_to_si.o)
 .bss           0x00800180        0x0 c:/winavr-20100110/bin/../lib/gcc/avr/4.3.3/avr5\libgcc.a(_thenan_sf.o)
 .bss           0x00800180        0x0 c:/winavr-20100110/bin/../lib/gcc/avr/4.3.3/avr5\libgcc.a(_usi_to_sf.o)
 .bss           0x00800180        0x0 c:/winavr-20100110/bin/../lib/gcc/avr/4.3.3/avr5\libgcc.a(_prologue.o)
 .bss           0x00800180        0x0 c:/winavr-20100110/bin/../lib/gcc/avr/4.3.3/avr5\libgcc.a(_epilogue.o)
 .bss           0x00800180        0x0 c:/winavr-20100110/bin/../lib/gcc/avr/4.3.3/avr5\libgcc.a(_clzsi2.o)
 .bss           0x00800180        0x0 c:/winavr-20100110/bin/../lib/gcc/avr/4.3.3/avr5\libgcc.a(_pack_sf.o)
 .bss           0x00800180        0x0 c:/winavr-20100110/bin/../lib/gcc/avr/4.3.3/avr5\libgcc.a(_unpack_sf.o)
 .bss           0x00800180        0x0 c:/winavr-20100110/bin/../lib/gcc/avr/4.3.3/avr5\libgcc.a(_fpcmp_parts_sf.o)
 .bss           0x00800180        0x0 c:/winavr-20100110/bin/../lib/gcc/avr/4.3.3/avr5\libgcc.a(_clz.o)
 .bss           0x00800180        0x0 c:/winavr-20100110/bin/../lib/gcc/avr/4.3.3/../../../../avr/lib/avr5\libc.a(sprintf.o)
 .bss           0x00800180        0x0 c:/winavr-20100110/bin/../lib/gcc/avr/4.3.3/../../../../avr/lib/avr5\libc.a(vfprintf_std.o)
 .bss           0x00800180        0x0 c:/winavr-20100110/bin/../lib/gcc/avr/4.3.3/../../../../avr/lib/avr5\libc.a(strnlen_P.o)
 .bss           0x00800180        0x0 c:/winavr-20100110/bin/../lib/gcc/avr/4.3.3/../../../../avr/lib/avr5\libc.a(strnlen.o)
 .bss           0x00800180        0x0 c:/winavr-20100110/bin/../lib/gcc/avr/4.3.3/../../../../avr/lib/avr5\libc.a(fputc.o)
 .bss           0x00800180        0x0 c:/winavr-20100110/bin/../lib/gcc/avr/4.3.3/../../../../avr/lib/avr5\libc.a(ultoa_invert.o)
 *(.bss*)
 *(COMMON)
                0x00800180                PROVIDE (__bss_end, .)
                0x000038fe                __data_load_start = LOADADDR (.data)
                0x00003a1e                __data_load_end = (__data_load_start + SIZEOF (.data))

.noinit         0x00800180        0x0
                0x00800180                PROVIDE (__noinit_start, .)
 *(.noinit*)
                0x00800180                PROVIDE (__noinit_end, .)
                0x00800180                _end = .
                0x00800180                PROVIDE (__heap_start, .)

.eeprom         0x00810000        0x0
 *(.eeprom*)
                0x00810000                __eeprom_end = .

.fuse
 *(.fuse)
 *(.lfuse)
 *(.hfuse)
 *(.efuse)

.lock
 *(.lock*)

.signature
 *(.signature*)

.stab           0x00000000     0x3f78
 *(.stab)
 .stab          0x00000000      0x654 ./Source/04-APP/main.o
 .stab          0x00000654      0x5c4 ./Source/02-ECUA/SSD/Src/SSD.o
                                0x7e0 (size before relaxing)
 .stab          0x00000c18      0x27c ./Source/02-ECUA/Led/Src/Led.o
                                0x3b4 (size before relaxing)
 .stab          0x00000e94      0x1bc ./Source/02-ECUA/LM35/Src/Lm35.o
                                0x27c (size before relaxing)
 .stab          0x00001050      0x9a8 ./Source/02-ECUA/LCD/Src/Lcd.o
                                0xcc0 (size before relaxing)
 .stab          0x000019f8      0x5b8 ./Source/02-ECUA/Keypad/Src/Keypad.o
                                0x6c0 (size before relaxing)
 .stab          0x00001fb0      0x27c ./Source/02-ECUA/Dc_Motor/Src/Dc_Motor.o
                                0x414 (size before relaxing)
 .stab          0x0000222c      0x18c ./Source/02-ECUA/Buzzer/Src/Buzzer.o
                                0x294 (size before relaxing)
 .stab          0x000023b8      0x240 ./Source/02-ECUA/Button/Src/Button.o
                                0x390 (size before relaxing)
 .stab          0x000025f8      0x2dc ./Source/01-MCAL/UART/Src/Uart.o
                                0x36c (size before relaxing)
 .stab          0x000028d4      0x21c ./Source/01-MCAL/Timer0/Src/Timer0.o
                                0x2ac (size before relaxing)
 .stab          0x00002af0      0x3d8 ./Source/01-MCAL/SPI/Src/Spi.o
                                0x4e0 (size before relaxing)
 .stab          0x00002ec8      0x4ec ./Source/01-MCAL/I2C/Src/I2c.o
                                0x5f4 (size before relaxing)
 .stab          0x000033b4      0x15c ./Source/01-MCAL/GINT/Src/GINT.o
                                0x1ec (size before relaxing)
 .stab          0x00003510      0x30c ./Source/01-MCAL/EXTINT/Src/ExtInt.o
                                0x3d8 (size before relaxing)
 .stab          0x0000381c      0x54c ./Source/01-MCAL/Dio/Src/Dio.o
                                0x654 (size before relaxing)
 .stab          0x00003d68      0x210 ./Source/01-MCAL/ADC/Src/Adc.o
                                0x2d0 (size before relaxing)

.stabstr        0x00000000     0x2177
 *(.stabstr)
 .stabstr       0x00000000     0x2177 ./Source/04-APP/main.o

.stab.excl
 *(.stab.excl)

.stab.exclstr
 *(.stab.exclstr)

.stab.index
 *(.stab.index)

.stab.indexstr
 *(.stab.indexstr)

.comment
 *(.comment)

.debug
 *(.debug)

.line
 *(.line)

.debug_srcinfo
 *(.debug_srcinfo)

.debug_sfnames
 *(.debug_sfnames)

.debug_aranges  0x00000000      0x1a0
 *(.debug_aranges)
 .debug_aranges
                0x00000000       0x20 c:/winavr-20100110/bin/../lib/gcc/avr/4.3.3/avr5\libgcc.a(_fixunssfsi.o)
 .debug_aranges
                0x00000020       0x20 c:/winavr-20100110/bin/../lib/gcc/avr/4.3.3/avr5\libgcc.a(_addsub_sf.o)
 .debug_aranges
                0x00000040       0x20 c:/winavr-20100110/bin/../lib/gcc/avr/4.3.3/avr5\libgcc.a(_mul_sf.o)
 .debug_aranges
                0x00000060       0x20 c:/winavr-20100110/bin/../lib/gcc/avr/4.3.3/avr5\libgcc.a(_div_sf.o)
 .debug_aranges
                0x00000080       0x20 c:/winavr-20100110/bin/../lib/gcc/avr/4.3.3/avr5\libgcc.a(_gt_sf.o)
 .debug_aranges
                0x000000a0       0x20 c:/winavr-20100110/bin/../lib/gcc/avr/4.3.3/avr5\libgcc.a(_ge_sf.o)
 .debug_aranges
                0x000000c0       0x20 c:/winavr-20100110/bin/../lib/gcc/avr/4.3.3/avr5\libgcc.a(_lt_sf.o)
 .debug_aranges
                0x000000e0       0x20 c:/winavr-20100110/bin/../lib/gcc/avr/4.3.3/avr5\libgcc.a(_sf_to_si.o)
 .debug_aranges
                0x00000100       0x20 c:/winavr-20100110/bin/../lib/gcc/avr/4.3.3/avr5\libgcc.a(_usi_to_sf.o)
 .debug_aranges
                0x00000120       0x20 c:/winavr-20100110/bin/../lib/gcc/avr/4.3.3/avr5\libgcc.a(_clzsi2.o)
 .debug_aranges
                0x00000140       0x20 c:/winavr-20100110/bin/../lib/gcc/avr/4.3.3/avr5\libgcc.a(_pack_sf.o)
 .debug_aranges
                0x00000160       0x20 c:/winavr-20100110/bin/../lib/gcc/avr/4.3.3/avr5\libgcc.a(_unpack_sf.o)
 .debug_aranges
                0x00000180       0x20 c:/winavr-20100110/bin/../lib/gcc/avr/4.3.3/avr5\libgcc.a(_fpcmp_parts_sf.o)

.debug_pubnames
                0x00000000      0x1f2
 *(.debug_pubnames)
 .debug_pubnames
                0x00000000       0x23 c:/winavr-20100110/bin/../lib/gcc/avr/4.3.3/avr5\libgcc.a(_fixunssfsi.o)
 .debug_pubnames
                0x00000023       0x2c c:/winavr-20100110/bin/../lib/gcc/avr/4.3.3/avr5\libgcc.a(_addsub_sf.o)
 .debug_pubnames
                0x0000004f       0x1f c:/winavr-20100110/bin/../lib/gcc/avr/4.3.3/avr5\libgcc.a(_mul_sf.o)
 .debug_pubnames
                0x0000006e       0x1f c:/winavr-20100110/bin/../lib/gcc/avr/4.3.3/avr5\libgcc.a(_div_sf.o)
 .debug_pubnames
                0x0000008d       0x1e c:/winavr-20100110/bin/../lib/gcc/avr/4.3.3/avr5\libgcc.a(_gt_sf.o)
 .debug_pubnames
                0x000000ab       0x1e c:/winavr-20100110/bin/../lib/gcc/avr/4.3.3/avr5\libgcc.a(_ge_sf.o)
 .debug_pubnames
                0x000000c9       0x1e c:/winavr-20100110/bin/../lib/gcc/avr/4.3.3/avr5\libgcc.a(_lt_sf.o)
 .debug_pubnames
                0x000000e7       0x20 c:/winavr-20100110/bin/../lib/gcc/avr/4.3.3/avr5\libgcc.a(_sf_to_si.o)
 .debug_pubnames
                0x00000107       0x22 c:/winavr-20100110/bin/../lib/gcc/avr/4.3.3/avr5\libgcc.a(_thenan_sf.o)
 .debug_pubnames
                0x00000129       0x24 c:/winavr-20100110/bin/../lib/gcc/avr/4.3.3/avr5\libgcc.a(_usi_to_sf.o)
 .debug_pubnames
                0x0000014d       0x1f c:/winavr-20100110/bin/../lib/gcc/avr/4.3.3/avr5\libgcc.a(_clzsi2.o)
 .debug_pubnames
                0x0000016c       0x1f c:/winavr-20100110/bin/../lib/gcc/avr/4.3.3/avr5\libgcc.a(_pack_sf.o)
 .debug_pubnames
                0x0000018b       0x21 c:/winavr-20100110/bin/../lib/gcc/avr/4.3.3/avr5\libgcc.a(_unpack_sf.o)
 .debug_pubnames
                0x000001ac       0x26 c:/winavr-20100110/bin/../lib/gcc/avr/4.3.3/avr5\libgcc.a(_fpcmp_parts_sf.o)
 .debug_pubnames
                0x000001d2       0x20 c:/winavr-20100110/bin/../lib/gcc/avr/4.3.3/avr5\libgcc.a(_clz.o)

.debug_info     0x00000000     0x240b
 *(.debug_info)
 .debug_info    0x00000000       0xb1 c:/winavr-20100110/bin/../lib/gcc/avr/4.3.3/avr5\libgcc.a(_fixunssfsi.o)
 .debug_info    0x000000b1      0x47a c:/winavr-20100110/bin/../lib/gcc/avr/4.3.3/avr5\libgcc.a(_addsub_sf.o)
 .debug_info    0x0000052b      0x485 c:/winavr-20100110/bin/../lib/gcc/avr/4.3.3/avr5\libgcc.a(_mul_sf.o)
 .debug_info    0x000009b0      0x3fc c:/winavr-20100110/bin/../lib/gcc/avr/4.3.3/avr5\libgcc.a(_div_sf.o)
 .debug_info    0x00000dac      0x27f c:/winavr-20100110/bin/../lib/gcc/avr/4.3.3/avr5\libgcc.a(_gt_sf.o)
 .debug_info    0x0000102b      0x27f c:/winavr-20100110/bin/../lib/gcc/avr/4.3.3/avr5\libgcc.a(_ge_sf.o)
 .debug_info    0x000012aa      0x27f c:/winavr-20100110/bin/../lib/gcc/avr/4.3.3/avr5\libgcc.a(_lt_sf.o)
 .debug_info    0x00001529      0x2b0 c:/winavr-20100110/bin/../lib/gcc/avr/4.3.3/avr5\libgcc.a(_sf_to_si.o)
 .debug_info    0x000017d9      0x12c c:/winavr-20100110/bin/../lib/gcc/avr/4.3.3/avr5\libgcc.a(_thenan_sf.o)
 .debug_info    0x00001905      0x206 c:/winavr-20100110/bin/../lib/gcc/avr/4.3.3/avr5\libgcc.a(_usi_to_sf.o)
 .debug_info    0x00001b0b      0x117 c:/winavr-20100110/bin/../lib/gcc/avr/4.3.3/avr5\libgcc.a(_clzsi2.o)
 .debug_info    0x00001c22      0x2df c:/winavr-20100110/bin/../lib/gcc/avr/4.3.3/avr5\libgcc.a(_pack_sf.o)
 .debug_info    0x00001f01      0x251 c:/winavr-20100110/bin/../lib/gcc/avr/4.3.3/avr5\libgcc.a(_unpack_sf.o)
 .debug_info    0x00002152      0x210 c:/winavr-20100110/bin/../lib/gcc/avr/4.3.3/avr5\libgcc.a(_fpcmp_parts_sf.o)
 .debug_info    0x00002362       0xa9 c:/winavr-20100110/bin/../lib/gcc/avr/4.3.3/avr5\libgcc.a(_clz.o)
 *(.gnu.linkonce.wi.*)

.debug_abbrev   0x00000000     0x1386
 *(.debug_abbrev)
 .debug_abbrev  0x00000000       0x5d c:/winavr-20100110/bin/../lib/gcc/avr/4.3.3/avr5\libgcc.a(_fixunssfsi.o)
 .debug_abbrev  0x0000005d      0x1ea c:/winavr-20100110/bin/../lib/gcc/avr/4.3.3/avr5\libgcc.a(_addsub_sf.o)
 .debug_abbrev  0x00000247      0x21b c:/winavr-20100110/bin/../lib/gcc/avr/4.3.3/avr5\libgcc.a(_mul_sf.o)
 .debug_abbrev  0x00000462      0x216 c:/winavr-20100110/bin/../lib/gcc/avr/4.3.3/avr5\libgcc.a(_div_sf.o)
 .debug_abbrev  0x00000678      0x15a c:/winavr-20100110/bin/../lib/gcc/avr/4.3.3/avr5\libgcc.a(_gt_sf.o)
 .debug_abbrev  0x000007d2      0x15a c:/winavr-20100110/bin/../lib/gcc/avr/4.3.3/avr5\libgcc.a(_ge_sf.o)
 .debug_abbrev  0x0000092c      0x15a c:/winavr-20100110/bin/../lib/gcc/avr/4.3.3/avr5\libgcc.a(_lt_sf.o)
 .debug_abbrev  0x00000a86      0x17f c:/winavr-20100110/bin/../lib/gcc/avr/4.3.3/avr5\libgcc.a(_sf_to_si.o)
 .debug_abbrev  0x00000c05       0xad c:/winavr-20100110/bin/../lib/gcc/avr/4.3.3/avr5\libgcc.a(_thenan_sf.o)
 .debug_abbrev  0x00000cb2      0x157 c:/winavr-20100110/bin/../lib/gcc/avr/4.3.3/avr5\libgcc.a(_usi_to_sf.o)
 .debug_abbrev  0x00000e09       0xc4 c:/winavr-20100110/bin/../lib/gcc/avr/4.3.3/avr5\libgcc.a(_clzsi2.o)
 .debug_abbrev  0x00000ecd      0x1c0 c:/winavr-20100110/bin/../lib/gcc/avr/4.3.3/avr5\libgcc.a(_pack_sf.o)
 .debug_abbrev  0x0000108d      0x154 c:/winavr-20100110/bin/../lib/gcc/avr/4.3.3/avr5\libgcc.a(_unpack_sf.o)
 .debug_abbrev  0x000011e1      0x13b c:/winavr-20100110/bin/../lib/gcc/avr/4.3.3/avr5\libgcc.a(_fpcmp_parts_sf.o)
 .debug_abbrev  0x0000131c       0x6a c:/winavr-20100110/bin/../lib/gcc/avr/4.3.3/avr5\libgcc.a(_clz.o)

.debug_line     0x00000000     0x11d6
 *(.debug_line)
 .debug_line    0x00000000       0xa7 c:/winavr-20100110/bin/../lib/gcc/avr/4.3.3/avr5\libgcc.a(_fixunssfsi.o)
 .debug_line    0x000000a7      0x2af c:/winavr-20100110/bin/../lib/gcc/avr/4.3.3/avr5\libgcc.a(_addsub_sf.o)
 .debug_line    0x00000356      0x239 c:/winavr-20100110/bin/../lib/gcc/avr/4.3.3/avr5\libgcc.a(_mul_sf.o)
 .debug_line    0x0000058f      0x1d5 c:/winavr-20100110/bin/../lib/gcc/avr/4.3.3/avr5\libgcc.a(_div_sf.o)
 .debug_line    0x00000764       0xd3 c:/winavr-20100110/bin/../lib/gcc/avr/4.3.3/avr5\libgcc.a(_gt_sf.o)
 .debug_line    0x00000837       0xd3 c:/winavr-20100110/bin/../lib/gcc/avr/4.3.3/avr5\libgcc.a(_ge_sf.o)
 .debug_line    0x0000090a       0xd3 c:/winavr-20100110/bin/../lib/gcc/avr/4.3.3/avr5\libgcc.a(_lt_sf.o)
 .debug_line    0x000009dd      0x109 c:/winavr-20100110/bin/../lib/gcc/avr/4.3.3/avr5\libgcc.a(_sf_to_si.o)
 .debug_line    0x00000ae6       0x90 c:/winavr-20100110/bin/../lib/gcc/avr/4.3.3/avr5\libgcc.a(_thenan_sf.o)
 .debug_line    0x00000b76      0x133 c:/winavr-20100110/bin/../lib/gcc/avr/4.3.3/avr5\libgcc.a(_usi_to_sf.o)
 .debug_line    0x00000ca9       0xa5 c:/winavr-20100110/bin/../lib/gcc/avr/4.3.3/avr5\libgcc.a(_clzsi2.o)
 .debug_line    0x00000d4e      0x18a c:/winavr-20100110/bin/../lib/gcc/avr/4.3.3/avr5\libgcc.a(_pack_sf.o)
 .debug_line    0x00000ed8      0x14b c:/winavr-20100110/bin/../lib/gcc/avr/4.3.3/avr5\libgcc.a(_unpack_sf.o)
 .debug_line    0x00001023      0x137 c:/winavr-20100110/bin/../lib/gcc/avr/4.3.3/avr5\libgcc.a(_fpcmp_parts_sf.o)
 .debug_line    0x0000115a       0x7c c:/winavr-20100110/bin/../lib/gcc/avr/4.3.3/avr5\libgcc.a(_clz.o)

.debug_frame    0x00000000      0x1c0
 *(.debug_frame)
 .debug_frame   0x00000000       0x20 c:/winavr-20100110/bin/../lib/gcc/avr/4.3.3/avr5\libgcc.a(_fixunssfsi.o)
 .debug_frame   0x00000020       0x40 c:/winavr-20100110/bin/../lib/gcc/avr/4.3.3/avr5\libgcc.a(_addsub_sf.o)
 .debug_frame   0x00000060       0x20 c:/winavr-20100110/bin/../lib/gcc/avr/4.3.3/avr5\libgcc.a(_mul_sf.o)
 .debug_frame   0x00000080       0x20 c:/winavr-20100110/bin/../lib/gcc/avr/4.3.3/avr5\libgcc.a(_div_sf.o)
 .debug_frame   0x000000a0       0x20 c:/winavr-20100110/bin/../lib/gcc/avr/4.3.3/avr5\libgcc.a(_gt_sf.o)
 .debug_frame   0x000000c0       0x20 c:/winavr-20100110/bin/../lib/gcc/avr/4.3.3/avr5\libgcc.a(_ge_sf.o)
 .debug_frame   0x000000e0       0x20 c:/winavr-20100110/bin/../lib/gcc/avr/4.3.3/avr5\libgcc.a(_lt_sf.o)
 .debug_frame   0x00000100       0x20 c:/winavr-20100110/bin/../lib/gcc/avr/4.3.3/avr5\libgcc.a(_sf_to_si.o)
 .debug_frame   0x00000120       0x20 c:/winavr-20100110/bin/../lib/gcc/avr/4.3.3/avr5\libgcc.a(_usi_to_sf.o)
 .debug_frame   0x00000140       0x20 c:/winavr-20100110/bin/../lib/gcc/avr/4.3.3/avr5\libgcc.a(_clzsi2.o)
 .debug_frame   0x00000160       0x20 c:/winavr-20100110/bin/../lib/gcc/avr/4.3.3/avr5\libgcc.a(_pack_sf.o)
 .debug_frame   0x00000180       0x20 c:/winavr-20100110/bin/../lib/gcc/avr/4.3.3/avr5\libgcc.a(_unpack_sf.o)
 .debug_frame   0x000001a0       0x20 c:/winavr-20100110/bin/../lib/gcc/avr/4.3.3/avr5\libgcc.a(_fpcmp_parts_sf.o)

.debug_str      0x00000000      0x2f6
 *(.debug_str)
 .debug_str     0x00000000       0xbf c:/winavr-20100110/bin/../lib/gcc/avr/4.3.3/avr5\libgcc.a(_fixunssfsi.o)
                                 0xfe (size before relaxing)
 .debug_str     0x000000bf      0x14d c:/winavr-20100110/bin/../lib/gcc/avr/4.3.3/avr5\libgcc.a(_addsub_sf.o)
                                0x206 (size before relaxing)
 .debug_str     0x0000020c       0x27 c:/winavr-20100110/bin/../lib/gcc/avr/4.3.3/avr5\libgcc.a(_mul_sf.o)
                                0x1bf (size before relaxing)
 .debug_str     0x00000233       0x35 c:/winavr-20100110/bin/../lib/gcc/avr/4.3.3/avr5\libgcc.a(_div_sf.o)
                                0x1c8 (size before relaxing)
 .debug_str     0x00000268        0x8 c:/winavr-20100110/bin/../lib/gcc/avr/4.3.3/avr5\libgcc.a(_gt_sf.o)
                                0x195 (size before relaxing)
 .debug_str     0x00000270        0x8 c:/winavr-20100110/bin/../lib/gcc/avr/4.3.3/avr5\libgcc.a(_ge_sf.o)
                                0x195 (size before relaxing)
 .debug_str     0x00000278        0x8 c:/winavr-20100110/bin/../lib/gcc/avr/4.3.3/avr5\libgcc.a(_lt_sf.o)
                                0x195 (size before relaxing)
 .debug_str     0x00000280        0xa c:/winavr-20100110/bin/../lib/gcc/avr/4.3.3/avr5\libgcc.a(_sf_to_si.o)
                                0x19e (size before relaxing)
 .debug_str     0x00000000      0x103 c:/winavr-20100110/bin/../lib/gcc/avr/4.3.3/avr5\libgcc.a(_thenan_sf.o)
 .debug_str     0x0000028a       0x21 c:/winavr-20100110/bin/../lib/gcc/avr/4.3.3/avr5\libgcc.a(_usi_to_sf.o)
                                0x177 (size before relaxing)
 .debug_str     0x000002ab       0x20 c:/winavr-20100110/bin/../lib/gcc/avr/4.3.3/avr5\libgcc.a(_clzsi2.o)
                                0x111 (size before relaxing)
 .debug_str     0x000002cb       0x10 c:/winavr-20100110/bin/../lib/gcc/avr/4.3.3/avr5\libgcc.a(_pack_sf.o)
                                0x19d (size before relaxing)
 .debug_str     0x000002db        0xb c:/winavr-20100110/bin/../lib/gcc/avr/4.3.3/avr5\libgcc.a(_unpack_sf.o)
                                0x17f (size before relaxing)
 .debug_str     0x000002e6       0x10 c:/winavr-20100110/bin/../lib/gcc/avr/4.3.3/avr5\libgcc.a(_fpcmp_parts_sf.o)
                                0x163 (size before relaxing)
 .debug_str     0x00000000       0xf4 c:/winavr-20100110/bin/../lib/gcc/avr/4.3.3/avr5\libgcc.a(_clz.o)

.debug_loc      0x00000000      0x96e
 *(.debug_loc)
 .debug_loc     0x00000000       0x34 c:/winavr-20100110/bin/../lib/gcc/avr/4.3.3/avr5\libgcc.a(_fixunssfsi.o)
 .debug_loc     0x00000034      0x32a c:/winavr-20100110/bin/../lib/gcc/avr/4.3.3/avr5\libgcc.a(_addsub_sf.o)
 .debug_loc     0x0000035e      0x104 c:/winavr-20100110/bin/../lib/gcc/avr/4.3.3/avr5\libgcc.a(_mul_sf.o)
 .debug_loc     0x00000462       0xc0 c:/winavr-20100110/bin/../lib/gcc/avr/4.3.3/avr5\libgcc.a(_div_sf.o)
 .debug_loc     0x00000522       0x3c c:/winavr-20100110/bin/../lib/gcc/avr/4.3.3/avr5\libgcc.a(_gt_sf.o)
 .debug_loc     0x0000055e       0x3c c:/winavr-20100110/bin/../lib/gcc/avr/4.3.3/avr5\libgcc.a(_ge_sf.o)
 .debug_loc     0x0000059a       0x3c c:/winavr-20100110/bin/../lib/gcc/avr/4.3.3/avr5\libgcc.a(_lt_sf.o)
 .debug_loc     0x000005d6       0x7e c:/winavr-20100110/bin/../lib/gcc/avr/4.3.3/avr5\libgcc.a(_sf_to_si.o)
 .debug_loc     0x00000654       0x4c c:/winavr-20100110/bin/../lib/gcc/avr/4.3.3/avr5\libgcc.a(_usi_to_sf.o)
 .debug_loc     0x000006a0       0x94 c:/winavr-20100110/bin/../lib/gcc/avr/4.3.3/avr5\libgcc.a(_clzsi2.o)
 .debug_loc     0x00000734      0x13e c:/winavr-20100110/bin/../lib/gcc/avr/4.3.3/avr5\libgcc.a(_pack_sf.o)
 .debug_loc     0x00000872       0xac c:/winavr-20100110/bin/../lib/gcc/avr/4.3.3/avr5\libgcc.a(_unpack_sf.o)
 .debug_loc     0x0000091e       0x50 c:/winavr-20100110/bin/../lib/gcc/avr/4.3.3/avr5\libgcc.a(_fpcmp_parts_sf.o)

.debug_macinfo
 *(.debug_macinfo)
OUTPUT(Oct21_Amit_Interfacing.elf elf32-avr)
LOAD linker stubs

.debug_ranges   0x00000000       0x50
 .debug_ranges  0x00000000       0x50 c:/winavr-20100110/bin/../lib/gcc/avr/4.3.3/avr5\libgcc.a(_mul_sf.o)
